                                                                               
                                                                               
                                                                               
                                                                               
       ████████████████████████████████████                                    
       █                █                 █                                    
       █                █                 █                                    
       █                █                 █                                    
       █                █       ⍑⍑ ⍑⍑ ⍑ ⍑ █                                    
       █                █    ▞█████████████                                    
                        ▐   ▞                                                  
       █ ⍑⍑     ⍑⍑ ⍑    🚪  ▞              █                                    
       █████☰██████████████████████████████                                    
            ☰                                                                  
            ☰                                                                  
███████████████████████████████████████████████████████████████████████████████
