                                                                               
                                                                               
                                                                               
                                                                               
                                                                               
                                                                               
                                                                               
                                                                               
                                                                               
                                                                               
                                                                               
                          ▞██████☰████████████████████████████████▚            
                         ▞ █     ☰      █                        █ ▚           
                        ▞2 █ 1▒▒ ☰ ▒▒▒  █                        █  ▚          
                       ▞   █     ☰      █                        █   ▚         
⏖⏖⏖⏖⏖🚤⏖⏔⏔⏔⏔⏔⏔⏔⏔⏔⏔⏔⏔███████████████████████████████████████████████████████⏖⏖⏖⏖⏖
