                                                                               
                                                                               
                                                                               
                                                                               
                                                                               
                                                                               
                                                                               
                                                                               
                                                                               
                                                                               
                                                                               
                                                                               
                                                                               
                                                                               
                                                                               
⏖⏖⏖⏖⏖🚤⏖⏔⏔⏔⏔⏔⏔⏔⏔⏔⏔⏔⏔███████████████████████████████████████████████████████⏖⏖⏖⏖⏖
