                                                                               
                                                                               
                                                                               
                                                                               
                                                                               
                                                                               
                                                                               
                                                                               
                                                                               
                                                                     ██████████
                                                                     █         
                                                                   ███         
                                                                   █           
                                                                ████           
          ▭▭▭      ▭▭        ▭▭▭▭▭▭                         ⍾   🚪              
⏖⏖⏖⏖⏖1████⏖⏖⏖██████⏖⏖████████⏖⏖⏖⏖⏖⏖████████████████████████████████████████████
