                                                                               
                                                                               
                                                                               
                                               ❄                               
                 ❄           ❄                            ❄                    
                                                                          ❄    
                                                                               
                                     ❄                       ❄                 
                                                                               
            ❄                                                                  
                                 ❄      ❄                                      
                                                                               
                     ❄                          ██    ❄         ❄              
                                                ██                             
       9                   ☃         ❄❄   ☃     🚪  ❄       ❄❄❄❄❄❄❄        ☃    
⏖⏖⏖⏖⏖⏖█████████████████████████████████████████████████████████████████████████
