                                                                               
                                                                               
                                                                               
                                                                               
                             █                                                 
                            ╱ ╲                                                
                           ╱   ╲                                               
                          ╱     ╲                                              
                          ███████                                              
                          █     █                                              
                          █     █                                              
                                █                                              
                         ☰█ 1   █                                              
                         ☰████🚪██                                              
                         ☰▧▧▧▧▧▧▧                                              
███████████████████████████████████████████████████████████████████████████████
