             ╱╲                                                                
  ╱╲        ╱  ╲    ████████                                       ██████      
 ╱  ╲      ╱    ╲   █      █                                       █    █      
╱    ╲     █    █   █      █                                       █    █      
██████     █    █   █      █                        ╱╲             ███☰██      
█    █     ██☰███   ██☰█████                       ╱  ╲            ▧▧▧▧▧▧      
█    🚪     ▧▧▧▧▧▧   ▧▧▧▧▧▧▧▧                      ╱    ╲        ███████████████
████████████████████████████████☰     ╱╲         ╱      ╲                      
                                 ▭▭▭ ╱  ╲╱╲              ╲     ╱╲              
 ╱╲╲╲╲╲╲      ╱╲            ╱╲      ████████▭▭▭▭████████☰█    ╱  ╲             
 ████████████████          ╱  ╲     █      █    █       ☰█   ╱    ╲            
 █              █         ╱    ╲    █           █       ☰█   ██████            
 █              █         █    █    █      █    █        █   █    █            
 █████████████☰██         █☰████    █████☰██    ████☰█████   ██☰███            
 ▧▧▧▧▧▧▧▧▧▧▧▧▧▧▧▧         ▧▧▧▧▧▧    ▧▧▧▧▧▧▧▧    ▧▧▧▧▧▧▧▧▧▧ 1 ▧▧▧▧▧▧  🐘         
████████████████████☰██████████████████████████████████████████████████████████
