                          ╱╲            ╱╲                                     
                         ╱  ╲          ╱  ╲                                    
                        ╱    ╲        ╱    ╲                                   
                       ╱      ╲      ╱      ╲                                  
                      ╱        ╲    ╱        ╲                                 
                     ╱          ╲  ╱          ╲                                
                    ╱            ╲╱            ╲ 🌷                             
                    ███████████████████████████████                            
                    █                             █                            
                    █                             █                            
                    █                             █                            
                    █                             █                            
                    █ ⌸                         ⌸ █                            
                    ███████☰██████████████☰████████                            
  ⍾   1             ▧▧▧▧▧▧▧▧▧▧▧▧▧▧▧▧▧▧▧▧▧▧▧▧▧▧▧▧▧▧▧                            
███████████████████████████████████████████████████████████████████████████████
