                                                                               
                                                                               
                                     ╱╲                                        
                                    ╱  ╲                                       
                                   ╱    ╲🌷                                     
                                   ███████                                     
                                   █     █                                     
                                   █⌸   ⌸█                                     
                                   ███☰███                                     
                                   ▧▧▧▧▧▧▧                                     
                               ███████████████                                 
                      ███████████████████████████████                          
                 ████████████████████████████████████████                      
           ███████████████████████████████████████████████████████             
      ██████████████████████████████████████████████████████████████████▭ 1    
☰███████████████████████████████████████████████████████████████████████⏖⏖⏖⏖⏖⏖⏖
