                                                                               
                                                                               
                                                                               
                                                                               
       ████████████████████████████████████████████████████████████████        
       █                                        █                     █        
       █ █████████████████████████████████████  █                     █        
       █                                        █                     █        
       █                                        ▐                     █        
       █                                        🚪                     █        
       █                                       ▞██▚           1      2█        
       ████████████████████████████████████████████████████████████████        
                                                                               
                                                                               
                                                                               
███████████████████████████████████████████████████████████████████████████████
